output_fat
==========

#!/bin/sh

echo This uses the 'fat' command-line tool to build a simple FAT
echo filesystem image.

FAT=$(which fat)
if [ ! -x "${FAT}" ]; then
  echo I couldn\'t find the 'fat' command-line tool.
  echo Try running 'opam install fat-filesystem'
  exit 1
fi

IMG=$(pwd)/BLOCK_FILE
rm -f ${IMG}
cd ROOT/DIR
SIZE=$(du -s . | cut -f 1)
${FAT} create ${IMG} ${SIZE}KiB
${FAT} add ${IMG} REGEXP
echo Created 'BLOCK_FILE'

