open! Core

let%expect_test _ =
  [%expect {| |}];
  Printexc.record_backtrace false;
  ignore (failwith "hi ho");
  [%expect {| DID NOT REACH THIS PROGRAM POINT |}]
;;
